
[*] Backend /health
    -> status=ok
    [PASS]

[*] Storage backend in use
    -> firebase
    [PASS]

[*] Schema introspection (5 tables expected)
    -> tables: customers, order_items, orders, products, refunds
    [PASS]

[*] Suggestions list
    -> 6 suggestions
    [PASS]

[*] Frontend HTTP 200
    -> HTTP 200 (6.6 KB)
    [PASS]

[*] Query: What is total revenue by country?
    -> rows=8  ms=10175  tables=orders,customers  metric=revenue
    [PASS]

[*] Query: Top 5 customers by total spend
